7150
4 4 3 2 1
0
4 4 3 2 1
0
4 4 3 2 1
3 4 3 2
0
3 4 3 2
0
4 4 3 2 1
